@@jsxConfig({version: 4, mode: "automatic"})

module C0 = {
  type props<'priority, 'text> = {priority: 'priority, text?: 'text}

  @react.component
  let make = ({priority: _, ?text, _}: props<'priority, 'text>) => {
    let text = switch text {
    | Some(text) => text
    | None => "Test"
    }

    React.string(text)
  }
  let make = {
    let \"AliasProps$C0" = (props: props<_>) => make(props)

    \"AliasProps$C0"
  }
}

module C1 = {
  type props<'priority, 'text> = {priority: 'priority, text?: 'text}

  @react.component
  let make = ({priority: p, ?text, _}: props<'priority, 'text>) => {
    let text = switch text {
    | Some(text) => text
    | None => "Test"
    }

    React.string(p ++ text)
  }
  let make = {
    let \"AliasProps$C1" = (props: props<_>) => make(props)

    \"AliasProps$C1"
  }
}

module C2 = {
  type props<'foo> = {foo?: 'foo}

  @react.component
  let make = ({foo: ?bar, _}: props<'foo>) => {
    let foo = switch foo {
    | Some(foo) => foo
    | None => ""
    }

    ReactDOM.jsx("div", {})
  }
  let make = {
    let \"AliasProps$C2" = (props: props<_>) => make(props)

    \"AliasProps$C2"
  }
}
